Microchip MPLAB XC8 Compiler V1.45 ()

Linker command line:

-W-8 --edf=F:\Program Files\SCMCU_IDE_V2.00.16\data\dat\en_msgs.txt -cs \
  -h+8BIT-RGB.sym --cmf=8BIT-RGB.cmf -z -QSC8F072 \
  -oC:\Users\ADMINI~1\AppData\Local\Temp\s264.2 -M8BIT-RGB.map -E1 -ver=XC8 \
  -ASTACK=064h-06fh -pstack=STACK -ACODE=00h-07FFh -ASTRCODE=00h-07FFh \
  -ASTRING=00h-0FFhx8 -ACONST=00h-0FFhx8 -AENTRY=00h-0FFhx8 \
  -ACOMMON=070h-07Fh -ABANK0=020h-06Fh -ABANK1=0A0h-0EFh \
  -ARAM=020h-06Fh,0A0h-0EFh -AABS1=020h-07Fh,0A0h-0EFh -ASFR0=00h-01Fh \
  -ASFR1=080h-09Fh -preset_vec=00h,intentry,init,end_init -ppowerup=CODE \
  -pcinit=CODE -pfunctab=ENTRY -ACONFIG=02007h-02008h -pconfig=CONFIG \
  -DCONFIG=2 -AIDLOC=02000h-02003h -pidloc=IDLOC -DIDLOC=2 -DCODE=2 \
  -DSTRCODE=2 -DSTRING=2 -DCONST=2 -DENTRY=2 -k startup.obj 8BIT-RGB.obj 

Object code version is 3.11

Machine type is SC8F072



                Name                               Link     Load   Length Selector   Space Scale
startup.obj     end_init                              0        0        1        0       0
8BIT-RGB.obj    cinit                               7E3      7E3       1D      FC6       0
                functab                               1        1       14        2       0
                text31                               CB       CB        E      196       0
                text30                              1C6      1C6       24      38C       0
                text29                               D9       D9       19      1B2       0
                text28                              368      368       5D      6D0       0
                text27                               8C       8C        7      118       0
                text26                              10D      10D       1C      21A       0
                text25                              1A3      1A3       23      346       0
                text24                              1EA      1EA       34      3D4       0
                text23                              162      162       1F      2C4       0
                text22                              129      129       1C      252       0
                text21                               B5       B5        B      16A       0
                text20                              28D      28D       3D      51A       0
                text19                              145      145       1D      28A       0
                text18                              2CA      2CA       45      594       0
                text17                              714      714       CF      E28       0
                swtext4                              38       38        3       52       0
                swtext3                              35       35        3       52       0
                text16                              4A0      4A0       88      940       0
                swtext2                              2F       2F        6       52       0
                text15                              528      528       8B      A50       0
                text14                              64F      64F       C5      C9E       0
                swtext1                              29       29        6       52       0
                text13                              427      427       79      84E       0
                text12                              3C5      3C5       62      78A       0
                text11                              21E      21E       34      43C       0
                text10                               C0       C0        B      180       0
                text9                                A2       A2        9      144       0
                text8                                F2       F2       1B      1E4       0
                text7                                81       81        5      102       0
                text6                               5B3      5B3       9C      B66       0
                text5                                86       86        6      10C       0
                text4                               252      252       3B      4A4       0
                text3                               30F      30F       59      61E       0
                text2                                AB       AB        A      156       0
                text1                                93       93        7      126       0
                maintext                            181      181       22      302       0
                cstackBANK0                          51       51        A       20       1
                cstackCOMMON                         70       70        E       70       1
                clrtext                              9A       9A        8      134       0
                bssBANK1                             A0       A0       48       A0       1
                dataBANK0                            5B       5B        9       20       1
                bssBANK0                             20       20       31       20       1
                strings                              15       15       14       2A       0

TOTAL           Name                               Link     Load   Length     Space
        CLASS   STACK          

        CLASS   CODE           
                end_init                              0        0        1         0
                cinit                               7E3      7E3       1D         0
                text31                               CB       CB        E         0
                text30                              1C6      1C6       24         0
                text29                               D9       D9       19         0
                text28                              368      368       5D         0
                text27                               8C       8C        7         0
                text26                              10D      10D       1C         0
                text25                              1A3      1A3       23         0
                text24                              1EA      1EA       34         0
                text23                              162      162       1F         0
                text22                              129      129       1C         0
                text21                               B5       B5        B         0
                text20                              28D      28D       3D         0
                text19                              145      145       1D         0
                text18                              2CA      2CA       45         0
                text17                              714      714       CF         0
                text16                              4A0      4A0       88         0
                text15                              528      528       8B         0
                text14                              64F      64F       C5         0
                text13                              427      427       79         0
                text12                              3C5      3C5       62         0
                text11                              21E      21E       34         0
                text10                               C0       C0        B         0
                text9                                A2       A2        9         0
                text8                                F2       F2       1B         0
                text7                                81       81        5         0
                text6                               5B3      5B3       9C         0
                text5                                86       86        6         0
                text4                               252      252       3B         0
                text3                               30F      30F       59         0
                text2                                AB       AB        A         0
                text1                                93       93        7         0
                maintext                            181      181       22         0
                clrtext                              9A       9A        8         0

        CLASS   STRCODE        

        CLASS   STRING         
                strings                              15       15       14         0

        CLASS   CONST          
                swtext4                              38       38        3         0
                swtext3                              35       35        3         0
                swtext2                              2F       2F        6         0
                swtext1                              29       29        6         0

        CLASS   ENTRY          
                functab                               1        1       14         0

        CLASS   COMMON         
                cstackCOMMON                         70       70        E         1

        CLASS   BANK0          
                cstackBANK0                          51       51        A         1
                dataBANK0                            5B       5B        9         1
                bssBANK0                             20       20       31         1

        CLASS   BANK1          
                bssBANK1                             A0       A0       48         1

        CLASS   RAM            

        CLASS   ABS1           
                abs_s1                               7E       7E        2         1

        CLASS   SFR0           

        CLASS   SFR1           

        CLASS   CONFIG         

        CLASS   IDLOC          

        CLASS   EEDATA         



SEGMENTS        Name                           Load    Length   Top    Selector   Space  Class     Delta

                reset_vec                      000000  000001  000001         0       0  CODE        2
                functab                        000001  000014  000015         2       0  ENTRY       2
                bssBANK0                       000020  000044  000064        20       1  BANK0       1
                strings                        000015  000014  000029        2A       0  STRING      2
                swtext1                        000029  000012  00003B        52       0  CONST       2
                cstackCOMMON                   000070  00000E  00007E        70       1  COMMON      1
                bssBANK1                       0000A0  000048  0000E8        A0       1  BANK1       1
                text7                          000081  000005  000086       102       0  CODE        2
                text5                          000086  000006  00008C       10C       0  CODE        2
                text27                         00008C  000007  000093       118       0  CODE        2
                text1                          000093  000007  00009A       126       0  CODE        2
                clrtext                        00009A  000008  0000A2       134       0  CODE        2
                text9                          0000A2  000009  0000AB       144       0  CODE        2
                text2                          0000AB  00000A  0000B5       156       0  CODE        2
                text21                         0000B5  00000B  0000C0       16A       0  CODE        2
                text10                         0000C0  00000B  0000CB       180       0  CODE        2
                text31                         0000CB  00000E  0000D9       196       0  CODE        2
                text29                         0000D9  000019  0000F2       1B2       0  CODE        2
                text8                          0000F2  00001B  00010D       1E4       0  CODE        2
                text26                         00010D  00001C  000129       21A       0  CODE        2
                text22                         000129  00001C  000145       252       0  CODE        2
                text19                         000145  00001D  000162       28A       0  CODE        2
                text23                         000162  00001F  000181       2C4       0  CODE        2
                maintext                       000181  000022  0001A3       302       0  CODE        2
                text25                         0001A3  000023  0001C6       346       0  CODE        2
                text30                         0001C6  000024  0001EA       38C       0  CODE        2
                text24                         0001EA  000034  00021E       3D4       0  CODE        2
                text11                         00021E  000034  000252       43C       0  CODE        2
                text4                          000252  00003B  00028D       4A4       0  CODE        2
                text20                         00028D  00003D  0002CA       51A       0  CODE        2
                text18                         0002CA  000045  00030F       594       0  CODE        2
                text3                          00030F  000059  000368       61E       0  CODE        2
                text28                         000368  00005D  0003C5       6D0       0  CODE        2
                text12                         0003C5  000062  000427       78A       0  CODE        2
                text13                         000427  000079  0004A0       84E       0  CODE        2
                text16                         0004A0  000088  000528       940       0  CODE        2
                text15                         000528  00008B  0005B3       A50       0  CODE        2
                text6                          0005B3  00009C  00064F       B66       0  CODE        2
                text14                         00064F  0000C5  000714       C9E       0  CODE        2
                text17                         000714  0000CF  0007E3       E28       0  CODE        2
                cinit                          0007E3  00001D  000800       FC6       0  CODE        2


UNUSED ADDRESS RANGES

        Name                Unused          Largest block    Delta
        BANK0            0064-006F              C           1
        BANK1            00E8-00EF              8           1
        CODE             003B-0080             46           2
        CONFIG           2007-2008              2           2
        CONST            003B-0080             46           2
        ENTRY            003B-0080             46           2
        IDLOC            2000-2003              4           2
        RAM              0064-006F              C           1
                         00E8-00EF              8
        SFR0             0000-001F             20           1
        SFR1             0080-009F             20           1
        STACK            0064-006F              C           1
        STRCODE          003B-0080             46           2
        STRING           003B-0080             46           2

                                  Symbol Table

?___awdiv                         cstackCOMMON 0076
?___awmod                         cstackCOMMON 0070
?___lwmod                         cstackCOMMON 0076
?___wmul                          cstackCOMMON 0070
PL10                              text14       0702
PL12                              text4        0283
PL14                              text15       05A1
PL16                              text28       03B5
PL18                              text15       05AA
PL2                               text14       06FB
PL20                              text14       0707
PL22                              text28       03BE
PL24                              text14       070D
PL26                              text12       0420
PL28                              text17       07D8
PL30                              text16       0523
PL32                              text17       07DE
PL4                               text17       07C3
PL6                               text17       07CC
PL8                               text17       07D2
_ANSEL0                           (abs)        0093
_ANSEL1                           (abs)        0094
_GIE                              (abs)        005F
_OSCCON                           (abs)        0014
_RA0                              (abs)        0430
_RB1                              (abs)        0031
_TRISA                            (abs)        0085
_TRISB                            (abs)        0005
_WPUA                             (abs)        0088
__Habs1                           abs1         0000
__Hbank0                          bank0        0000
__Hbank1                          bank1        0000
__HbssBANK0                       bssBANK0     0000
__HbssBANK1                       bssBANK1     0000
__Hcinit                          cinit        0800
__Hclrtext                        clrtext      0000
__Hcode                           code         0000
__Hcommon                         common       0000
__Hconfig                         config       0000
__HcstackBANK0                    cstackBANK0  0000
__HcstackCOMMON                   cstackCOMMON 0000
__HdataBANK0                      dataBANK0    0000
__Heeprom_data                    eeprom_data  0000
__Hend_init                       end_init     0001
__Hfunctab                        functab      0015
__HidataBANK0                     idataBANK0   0000
__Hidloc                          idloc        0000
__Hinit                           init         0000
__Hintentry                       intentry     0000
__Hmaintext                       maintext     0000
__Hpa_nodes0                      pa_nodes0    0000
__Hpowerup                        powerup      0000
__Hram                            ram          0000
__Hreset_vec                      reset_vec    0000
__Hsfr0                           sfr0         0000
__Hsfr1                           sfr1         0000
__Hspace_0                        (abs)        0800
__Hspace_1                        (abs)        00E8
__Hspace_2                        (abs)        0000
__Hspace_3                        (abs)        0000
__Hstack                          stack        0000
__Hstrings                        strings      0000
__Htext                           text         0000
__Labs1                           abs1         0000
__Lbank0                          bank0        0000
__Lbank1                          bank1        0000
__LbssBANK0                       bssBANK0     0000
__LbssBANK1                       bssBANK1     0000
__Lcinit                          cinit        07E3
__Lclrtext                        clrtext      0000
__Lcode                           code         0000
__Lcommon                         common       0000
__Lconfig                         config       0000
__LcstackBANK0                    cstackBANK0  0000
__LcstackCOMMON                   cstackCOMMON 0000
__LdataBANK0                      dataBANK0    0000
__Leeprom_data                    eeprom_data  0000
__Lend_init                       end_init     0000
__Lfunctab                        functab      0001
__LidataBANK0                     idataBANK0   0000
__Lidloc                          idloc        0000
__Linit                           init         0000
__Lintentry                       intentry     0000
__Lmaintext                       maintext     0000
__Lpa_nodes0                      pa_nodes0    0000
__Lpowerup                        powerup      0000
__Lram                            ram          0000
__Lreset_vec                      reset_vec    0000
__Lsfr0                           sfr0         0000
__Lsfr1                           sfr1         0000
__Lspace_0                        (abs)        0000
__Lspace_1                        (abs)        0000
__Lspace_2                        (abs)        0000
__Lspace_3                        (abs)        0000
__Lstack                          stack        0000
__Lstrings                        strings      0000
__Ltext                           text         0000
__S0                              (abs)        0800
__S1                              (abs)        00E8
__S2                              (abs)        0000
___awdiv                          text18       02CA
___awdiv@counter                  cstackCOMMON 007A
___awdiv@dividend                 cstackCOMMON 0078
___awdiv@divisor                  cstackCOMMON 0076
___awdiv@quotient                 cstackCOMMON 007C
___awdiv@sign                     cstackCOMMON 007B
___awmod                          text20       028D
___awmod@counter                  cstackCOMMON 0074
___awmod@dividend                 cstackCOMMON 0072
___awmod@divisor                  cstackCOMMON 0070
___awmod@sign                     cstackCOMMON 0075
___bmul                           text31       00CB
___bmul@multiplicand              cstackCOMMON 0070
___bmul@multiplier                cstackCOMMON 0072
___bmul@product                   cstackCOMMON 0071
___int_sp                         stack        0000
___latbits                        (abs)        0000
___lwmod                          text30       01C6
___lwmod@counter                  cstackCOMMON 007A
___lwmod@dividend                 cstackCOMMON 0078
___lwmod@divisor                  cstackCOMMON 0076
___sp                             stack        0000
___wmul                           text29       00D9
___wmul@multiplicand              cstackCOMMON 0072
___wmul@multiplier                cstackCOMMON 0070
___wmul@product                   cstackCOMMON 0074
__end_ofPL10                      text14       0707
__end_ofPL12                      text4        028D
__end_ofPL14                      text15       05AA
__end_ofPL16                      text28       03BE
__end_ofPL18                      text15       05B3
__end_ofPL2                       text14       0702
__end_ofPL20                      text14       070D
__end_ofPL22                      text28       03C5
__end_ofPL24                      text14       0714
__end_ofPL26                      text12       0427
__end_ofPL28                      text17       07DE
__end_ofPL30                      text16       0528
__end_ofPL32                      text17       07E3
__end_ofPL4                       text17       07CC
__end_ofPL6                       text17       07D2
__end_ofPL8                       text17       07D8
__end_of___awdiv                  text18       030F
__end_of___awmod                  text20       02CA
__end_of___bmul                   text31       00D9
__end_of___lwmod                  text30       01EA
__end_of___wmul                   text29       00F2
__end_of__fptable                 functab      0015
__end_of__initialization          cinit        07FE
__end_of__stringtab               strings      001B
__end_of_breath_init              text27       0093
__end_of_breath_update            text16       0523
__end_of_chase_init               text26       0129
__end_of_chase_update             text15       05A1
__end_of_delay_ms                 text8        010D
__end_of_effect_execute           text9        00AB
__end_of_effect_init              text21       00C0
__end_of_effects                  strings      0029
__end_of_effects_update           text10       00CB
__end_of_expand_init              text25       01C6
__end_of_expand_update            text14       06FB
__end_of_key_scan                 text3        0368
__end_of_main                     maintext     01A3
__end_of_marquee_init             text24       021E
__end_of_marquee_update           text13       04A0
__end_of_police_init              text22       0145
__end_of_police_update            text11       0252
__end_of_random_value             text19       0162
__end_of_stack_init               text23       0181
__end_of_stack_update             text12       0420
__end_of_system_clock_init        text2        00B5
__end_of_twinkle_init             text28       03B5
__end_of_twinkle_update           text17       07C3
__end_of_ws2812_gpio_init         text1        009A
__end_of_ws2812_reset             text7        0086
__end_of_ws2812_send_byte         text6        064F
__end_of_ws2812_send_color        text5        008C
__end_of_ws2812_update_RGB        text4        0283
__fptable                         functab      0001
__initialization                  cinit        07E3
__pbssBANK0                       bssBANK0     0020
__pbssBANK1                       bssBANK1     00A0
__pcstackBANK0                    cstackBANK0  0051
__pcstackCOMMON                   cstackCOMMON 0070
__pdataBANK0                      dataBANK0    005B
__pfunctab                        functab      0001
__pidataBANK0                     idataBANK0   0000
__pmaintext                       maintext     0181
__pstrings                        strings      0015
__pswtext1                        swtext1      0029
__pswtext2                        swtext2      002F
__pswtext3                        swtext3      0035
__pswtext4                        swtext4      0038
__ptext1                          text1        0093
__ptext10                         text10       00C0
__ptext11                         text11       021E
__ptext12                         text12       03C5
__ptext13                         text13       0427
__ptext14                         text14       064F
__ptext15                         text15       0528
__ptext16                         text16       04A0
__ptext17                         text17       0714
__ptext18                         text18       02CA
__ptext19                         text19       0145
__ptext2                          text2        00AB
__ptext20                         text20       028D
__ptext21                         text21       00B5
__ptext22                         text22       0129
__ptext23                         text23       0162
__ptext24                         text24       01EA
__ptext25                         text25       01A3
__ptext26                         text26       010D
__ptext27                         text27       008C
__ptext28                         text28       0368
__ptext29                         text29       00D9
__ptext3                          text3        030F
__ptext30                         text30       01C6
__ptext31                         text31       00CB
__ptext4                          text4        0252
__ptext5                          text5        0086
__ptext6                          text6        05B3
__ptext7                          text7        0081
__ptext8                          text8        00F2
__ptext9                          text9        00A2
__size_of___awdiv                 (abs)        0000
__size_of___awmod                 (abs)        0000
__size_of___bmul                  (abs)        0000
__size_of___lwmod                 (abs)        0000
__size_of___wmul                  (abs)        0000
__size_of__fptable                (abs)        0000
__size_of_breath_init             (abs)        0000
__size_of_breath_update           (abs)        0000
__size_of_chase_init              (abs)        0000
__size_of_chase_update            (abs)        0000
__size_of_delay_ms                (abs)        0000
__size_of_effect_execute          (abs)        0000
__size_of_effect_init             (abs)        0000
__size_of_effects_update          (abs)        0000
__size_of_expand_init             (abs)        0000
__size_of_expand_update           (abs)        0000
__size_of_key_scan                (abs)        0000
__size_of_main                    (abs)        0000
__size_of_marquee_init            (abs)        0000
__size_of_marquee_update          (abs)        0000
__size_of_police_init             (abs)        0000
__size_of_police_update           (abs)        0000
__size_of_random_value            (abs)        0000
__size_of_stack_init              (abs)        0000
__size_of_stack_update            (abs)        0000
__size_of_system_clock_init       (abs)        0000
__size_of_twinkle_init            (abs)        0000
__size_of_twinkle_update          (abs)        0000
__size_of_ws2812_gpio_init        (abs)        0000
__size_of_ws2812_reset            (abs)        0000
__size_of_ws2812_send_byte        (abs)        0000
__size_of_ws2812_send_color       (abs)        0000
__size_of_ws2812_update_RGB       (abs)        0000
__stringbase                      strings      001A
__stringtab                       strings      0015
_breath_color                     bssBANK0     004F
_breath_dir                       dataBANK0    0063
_breath_init                      text27       008C
_breath_transition                bssBANK0     004E
_breath_update                    text16       04A0
_breath_val                       dataBANK0    0062
_chase_color_idx                  bssBANK0     004A
_chase_init                       text26       010D
_chase_pos                        bssBANK0     004B
_chase_update                     text15       0528
_current_effect                   bssBANK0     0050
_delay_ms                         text8        00F2
_effect_execute                   text9        00A2
_effect_init                      text21       00B5
_effects                          strings      001B
_effects_update                   text10       00C0
_expand_b                         bssBANK0     0046
_expand_dir                       dataBANK0    0061
_expand_g                         bssBANK0     0047
_expand_init                      text25       01A3
_expand_r                         dataBANK0    0060
_expand_seed                      dataBANK0    005F
_expand_size                      bssBANK0     0048
_expand_update                    text14       064F
_key_press_counter                bssBANK0     003B
_key_pressed                      bssBANK0     003A
_key_scan                         text3        030F
_leds                             bssBANK1     00A0
_main                             maintext     0181
_marquee_init                     text24       01EA
_marquee_pos                      bssBANK0     0044
_marquee_update                   text13       0427
_police_counter                   bssBANK0     003C
_police_init                      text22       0129
_police_state                     bssBANK0     003D
_police_update                    text11       021E
_power_state                      dataBANK0    005D
_random_value                     text19       0145
_stack_delay                      bssBANK0     003F
_stack_init                       text23       0162
_stack_lit_count                  bssBANK0     0040
_stack_runner                     bssBANK0     0041
_stack_target                     dataBANK0    005E
_stack_update                     text12       03C5
_stars                            bssBANK0     0020
_system_clock_init                text2        00AB
_system_tick_ms                   bssBANK0     0038
_twinkle_counter                  bssBANK0     004C
_twinkle_init                     text28       0368
_twinkle_update                   text17       0714
_ws2812_gpio_init                 text1        0093
_ws2812_reset                     text7        0081
_ws2812_send_byte                 text6        05B3
_ws2812_send_color                text5        0086
_ws2812_update_RGB                text4        0252
breath_update@b                   cstackCOMMON 0078
breath_update@counter             bssBANK0     004D
breath_update@g                   cstackCOMMON 0077
breath_update@i                   cstackCOMMON 007B
breath_update@new_val             cstackCOMMON 007A
breath_update@old_val             cstackCOMMON 0079
breath_update@r                   cstackCOMMON 0076
btemp                             (abs)        007E
chase_init@i                      cstackCOMMON 0070
chase_update@b                    cstackCOMMON 0079
chase_update@counter              bssBANK0     0049
chase_update@g                    cstackCOMMON 0078
chase_update@i                    cstackCOMMON 007C
chase_update@i_382                cstackCOMMON 007B
chase_update@old_pos              cstackCOMMON 0076
chase_update@pos                  cstackCOMMON 007A
chase_update@r                    cstackCOMMON 0077
clear_ram0                        clrtext      009A
delay_ms@i                        cstackCOMMON 0072
delay_ms@j                        cstackCOMMON 0074
delay_ms@ms                       cstackCOMMON 0070
effect_execute@mode               cstackCOMMON 007D
end_of_initialization             cinit        07FE
entry__stack_init                 functab      000C
expand_init@i                     cstackCOMMON 0070
expand_update@counter             bssBANK0     0045
expand_update@i                   cstackCOMMON 007D
expand_update@left                cstackCOMMON 0079
expand_update@left_402            cstackCOMMON 007B
expand_update@right               cstackCOMMON 007A
expand_update@right_403           cstackCOMMON 007C
fpbase                            functab      0006
fptable                           functab      0001
fptotal                           (abs)        001C
intlevel0                         functab      0001
intlevel1                         functab      0001
intlevel2                         functab      0001
intlevel3                         functab      0001
intlevel4                         functab      0001
intlevel5                         functab      0001
key_scan@i                        cstackBANK0  0058
key_scan@next_mode                cstackBANK0  0057
main@update_counter               cstackBANK0  0059
marquee_init@i                    cstackCOMMON 0070
marquee_init@i_407                cstackCOMMON 0071
marquee_update@b                  cstackCOMMON 0079
marquee_update@color_index        bssBANK0     0042
marquee_update@counter            bssBANK0     0043
marquee_update@g                  cstackCOMMON 0078
marquee_update@i                  cstackCOMMON 007C
marquee_update@i_415              cstackCOMMON 007B
marquee_update@old_pos            cstackCOMMON 0076
marquee_update@pos                cstackCOMMON 007A
marquee_update@r                  cstackCOMMON 0077
police_init@i                     cstackCOMMON 0070
police_update@b                   cstackCOMMON 0072
police_update@g                   cstackCOMMON 0070
police_update@i                   cstackCOMMON 0073
police_update@r                   cstackCOMMON 0071
random_value@rand_state           dataBANK0    005B
random_value@seed                 cstackCOMMON 0078
reset_vec                         reset_vec    0000
stack_init@i                      cstackCOMMON 0070
stack_update@counter              bssBANK0     003E
stack_update@i                    cstackCOMMON 0071
stack_update@i_428                cstackCOMMON 0072
stackhi                           (abs)        0000
stacklo                           (abs)        0000
start                             init         0000
start_initialization              cinit        07E3
system_clock_init@i               cstackCOMMON 0070
twinkle_init@i                    cstackCOMMON 007B
twinkle_init@i_363                cstackCOMMON 007C
twinkle_update@brightness         cstackBANK0  0054
twinkle_update@color              cstackBANK0  0053
twinkle_update@i                  cstackBANK0  0055
twinkle_update@i_369              cstackBANK0  0056
ws2812_send_byte@byte             cstackCOMMON 0070
ws2812_send_color@color           cstackCOMMON 0071
ws2812_update_RGB@i               cstackBANK0  0056
ws2812_update_RGB@key_was_pressed cstackBANK0  0054
ws2812_update_RGB@leds            cstackBANK0  0055
ws2812_update_RGB@next_mode       cstackBANK0  0053
ws2812_update_RGB@num             cstackBANK0  0051
wtemp0                            (abs)        007E


FUNCTION INFORMATION:

 *************** function _main *****************
 Defined at:
		line 217 in file "H:\8bit-RGB\main.c"
 Parameters:    Size  Location     Type
		None
 Auto vars:     Size  Location     Type
  update_count    2    8[BANK0 ] unsigned int 
 Return value:  Size  Location     Type
                  1    wreg      void 
 Registers used:
		wreg, fsr0l, fsr0h, status,2, status,0, pclath, cstack
 Tracked objects:
		On entry : 
		On exit  : 
		Unchanged: 
 Data sizes:     COMMON   BANK0   BANK1
      Params:         0       0       0
      Locals:         0       2       0
      Temps:          0       0       0
      Totals:         0       2       0
Total ram usage:        2 bytes
 Hardware stack levels required when called:    5
 This function calls:
		_delay_ms
		_effect_init
		_effects_update
		_key_scan
		_system_clock_init
		_ws2812_gpio_init
		_ws2812_update_RGB
 This function is called by:
		Startup code after reset
 This function uses a non-reentrant model


 *************** function _ws2812_gpio_init *****************
 Defined at:
		line 139 in file "H:\8bit-RGB\main.c"
 Parameters:    Size  Location     Type
		None
 Auto vars:     Size  Location     Type
		None
 Return value:  Size  Location     Type
                  1    wreg      void 
 Registers used:
		None
 Tracked objects:
		On entry : 
		On exit  : 
		Unchanged: 
 Data sizes:     COMMON   BANK0   BANK1
      Params:         0       0       0
      Locals:         0       0       0
      Temps:          0       0       0
      Totals:         0       0       0
Total ram usage:        0 bytes
 Hardware stack levels used:    1
 This function calls:
		Nothing
 This function is called by:
		_main
 This function uses a non-reentrant model


 *************** function _system_clock_init *****************
 Defined at:
		line 9 in file "H:\8bit-RGB\main.c"
 Parameters:    Size  Location     Type
		None
 Auto vars:     Size  Location     Type
  i               1    0[COMMON] unsigned char 
 Return value:  Size  Location     Type
                  1    wreg      void 
 Registers used:
		wreg, status,2, status,0
 Tracked objects:
		On entry : 
		On exit  : 
		Unchanged: 
 Data sizes:     COMMON   BANK0   BANK1
      Params:         0       0       0
      Locals:         1       0       0
      Temps:          0       0       0
      Totals:         1       0       0
Total ram usage:        1 bytes
 Hardware stack levels used:    1
 This function calls:
		Nothing
 This function is called by:
		_main
 This function uses a non-reentrant model


 *************** function _key_scan *****************
 Defined at:
		line 161 in file "H:\8bit-RGB\main.c"
 Parameters:    Size  Location     Type
		None
 Auto vars:     Size  Location     Type
  next_mode       1    6[BANK0 ] enum E587
  i               1    7[BANK0 ] unsigned char 
 Return value:  Size  Location     Type
                  1    wreg      void 
 Registers used:
		wreg, fsr0l, fsr0h, status,2, status,0, pclath, cstack
 Tracked objects:
		On entry : 
		On exit  : 
		Unchanged: 
 Data sizes:     COMMON   BANK0   BANK1
      Params:         0       0       0
      Locals:         0       2       0
      Temps:          0       0       0
      Totals:         0       2       0
Total ram usage:        2 bytes
 Hardware stack levels used:    1
 Hardware stack levels required when called:    4
 This function calls:
		___awmod
		_delay_ms
		_effect_execute
		_ws2812_update_RGB
 This function is called by:
		_main
 This function uses a non-reentrant model


 *************** function _ws2812_update_RGB *****************
 Defined at:
		line 115 in file "H:\8bit-RGB\main.c"
 Parameters:    Size  Location     Type
  leds            1    wreg     PTR struct .
		 -> leds(72), 
  num             1    0[BANK0 ] unsigned char 
 Auto vars:     Size  Location     Type
  leds            1    4[BANK0 ] PTR struct .
		 -> leds(72), 
  next_mode       1    2[BANK0 ] enum E587
  i               1    5[BANK0 ] unsigned char 
  key_was_pres    1    3[BANK0 ] unsigned char 
 Return value:  Size  Location     Type
                  1    wreg      void 
 Registers used:
		wreg, fsr0l, fsr0h, status,2, status,0, pclath, cstack
 Tracked objects:
		On entry : 
		On exit  : 
		Unchanged: 
 Data sizes:     COMMON   BANK0   BANK1
      Params:         0       1       0
      Locals:         0       4       0
      Temps:          0       1       0
      Totals:         0       6       0
Total ram usage:        6 bytes
 Hardware stack levels used:    1
 Hardware stack levels required when called:    3
 This function calls:
		___awmod
		_effect_execute
		_ws2812_reset
		_ws2812_send_color
 This function is called by:
		_key_scan
		_main
 This function uses a non-reentrant model


 *************** function _ws2812_send_color *****************
 Defined at:
		line 104 in file "H:\8bit-RGB\main.c"
 Parameters:    Size  Location     Type
  color           3    1[COMMON] struct .
 Auto vars:     Size  Location     Type
		None
 Return value:  Size  Location     Type
                  1    wreg      void 
 Registers used:
		wreg, status,2, status,0, pclath, cstack
 Tracked objects:
		On entry : 
		On exit  : 
		Unchanged: 
 Data sizes:     COMMON   BANK0   BANK1
      Params:         3       0       0
      Locals:         0       0       0
      Temps:          0       0       0
      Totals:         3       0       0
Total ram usage:        3 bytes
 Hardware stack levels used:    1
 Hardware stack levels required when called:    1
 This function calls:
		_ws2812_send_byte
 This function is called by:
		_ws2812_update_RGB
 This function uses a non-reentrant model


 *************** function _ws2812_send_byte *****************
 Defined at:
		line 33 in file "H:\8bit-RGB\main.c"
 Parameters:    Size  Location     Type
  byte            1    wreg     unsigned char 
 Auto vars:     Size  Location     Type
  byte            1    0[COMMON] unsigned char 
 Return value:  Size  Location     Type
                  1    wreg      void 
 Registers used:
		wreg
 Tracked objects:
		On entry : 
		On exit  : 
		Unchanged: 
 Data sizes:     COMMON   BANK0   BANK1
      Params:         0       0       0
      Locals:         1       0       0
      Temps:          0       0       0
      Totals:         1       0       0
Total ram usage:        1 bytes
 Hardware stack levels used:    1
 This function calls:
		Nothing
 This function is called by:
		_ws2812_send_color
 This function uses a non-reentrant model


 *************** function _ws2812_reset *****************
 Defined at:
		line 110 in file "H:\8bit-RGB\main.c"
 Parameters:    Size  Location     Type
		None
 Auto vars:     Size  Location     Type
		None
 Return value:  Size  Location     Type
                  1    wreg      void 
 Registers used:
		wreg, status,2, status,0, pclath, cstack
 Tracked objects:
		On entry : 
		On exit  : 
		Unchanged: 
 Data sizes:     COMMON   BANK0   BANK1
      Params:         0       0       0
      Locals:         0       0       0
      Temps:          0       0       0
      Totals:         0       0       0
Total ram usage:        0 bytes
 Hardware stack levels used:    1
 Hardware stack levels required when called:    1
 This function calls:
		_delay_ms
 This function is called by:
		_ws2812_update_RGB
 This function uses a non-reentrant model


 *************** function _delay_ms *****************
 Defined at:
		line 22 in file "H:\8bit-RGB\main.c"
 Parameters:    Size  Location     Type
  ms              2    0[COMMON] unsigned int 
 Auto vars:     Size  Location     Type
  j               2    4[COMMON] unsigned int 
  i               2    2[COMMON] unsigned int 
 Return value:  Size  Location     Type
                  1    wreg      void 
 Registers used:
		wreg, status,2, status,0
 Tracked objects:
		On entry : 
		On exit  : 
		Unchanged: 
 Data sizes:     COMMON   BANK0   BANK1
      Params:         2       0       0
      Locals:         4       0       0
      Temps:          0       0       0
      Totals:         6       0       0
Total ram usage:        6 bytes
 Hardware stack levels used:    1
 This function calls:
		Nothing
 This function is called by:
		_ws2812_reset
		_key_scan
		_main
 This function uses a non-reentrant model


 *************** function _effect_execute *****************
 Defined at:
		line 471 in file "H:\8bit-RGB\effects.c"
 Parameters:    Size  Location     Type
  mode            1    wreg     enum E587
 Auto vars:     Size  Location     Type
  mode            1   13[COMMON] enum E587
 Return value:  Size  Location     Type
                  1    wreg      void 
 Registers used:
		wreg, fsr0l, fsr0h, status,2, status,0, pclath, cstack
 Tracked objects:
		On entry : 
		On exit  : 
		Unchanged: 
 Data sizes:     COMMON   BANK0   BANK1
      Params:         0       0       0
      Locals:         1       0       0
      Temps:          0       0       0
      Totals:         1       0       0
Total ram usage:        1 bytes
 Hardware stack levels used:    1
 Hardware stack levels required when called:    2
 This function calls:
		_breath_init
		_chase_init
		_expand_init
		_marquee_init
		_police_init
		_stack_init
		_twinkle_init
 This function is called by:
		_ws2812_update_RGB
		_key_scan
 This function uses a non-reentrant model


 *************** function _effects_update *****************
 Defined at:
		line 477 in file "H:\8bit-RGB\effects.c"
 Parameters:    Size  Location     Type
		None
 Auto vars:     Size  Location     Type
		None
 Return value:  Size  Location     Type
                  1    wreg      void 
 Registers used:
		wreg, fsr0l, fsr0h, status,2, status,0, pclath, cstack
 Tracked objects:
		On entry : 
		On exit  : 
		Unchanged: 
 Data sizes:     COMMON   BANK0   BANK1
      Params:         0       0       0
      Locals:         0       0       0
      Temps:          0       0       0
      Totals:         0       0       0
Total ram usage:        0 bytes
 Hardware stack levels used:    1
 Hardware stack levels required when called:    3
 This function calls:
		_breath_update
		_chase_update
		_expand_update
		_marquee_update
		_police_update
		_stack_update
		_twinkle_update
 This function is called by:
		_main
 This function uses a non-reentrant model


 *************** function _police_update *****************
 Defined at:
		line 432 in file "H:\8bit-RGB\effects.c"
 Parameters:    Size  Location     Type
		None
 Auto vars:     Size  Location     Type
  i               1    3[COMMON] unsigned char 
  b               1    2[COMMON] unsigned char 
  r               1    1[COMMON] unsigned char 
  g               1    0[COMMON] unsigned char 
 Return value:  Size  Location     Type
                  1    wreg      void 
 Registers used:
		wreg, fsr0l, fsr0h, status,2, status,0
 Tracked objects:
		On entry : 
		On exit  : 
		Unchanged: 
 Data sizes:     COMMON   BANK0   BANK1
      Params:         0       0       0
      Locals:         4       0       0
      Temps:          0       0       0
      Totals:         4       0       0
Total ram usage:        4 bytes
 Hardware stack levels used:    1
 This function calls:
		Nothing
 This function is called by:
		_effects_update
 This function uses a non-reentrant model


 *************** function _stack_update *****************
 Defined at:
		line 371 in file "H:\8bit-RGB\effects.c"
 Parameters:    Size  Location     Type
		None
 Auto vars:     Size  Location     Type
  i               1    2[COMMON] unsigned char 
  i               1    1[COMMON] unsigned char 
 Return value:  Size  Location     Type
                  1    wreg      void 
 Registers used:
		wreg, fsr0l, fsr0h, status,2, status,0, pclath, cstack
 Tracked objects:
		On entry : 
		On exit  : 
		Unchanged: 
 Data sizes:     COMMON   BANK0   BANK1
      Params:         0       0       0
      Locals:         2       0       0
      Temps:          0       0       0
      Totals:         2       0       0
Total ram usage:        2 bytes
 Hardware stack levels used:    1
 Hardware stack levels required when called:    1
 This function calls:
		_stack_init
 This function is called by:
		_effects_update
 This function uses a non-reentrant model


 *************** function _marquee_update *****************
 Defined at:
		line 308 in file "H:\8bit-RGB\effects.c"
 Parameters:    Size  Location     Type
		None
 Auto vars:     Size  Location     Type
  pos             1   10[COMMON] unsigned char 
  i               1   11[COMMON] unsigned char 
  i               1   12[COMMON] unsigned char 
  b               1    9[COMMON] unsigned char 
  g               1    8[COMMON] unsigned char 
  r               1    7[COMMON] unsigned char 
  old_pos         1    6[COMMON] unsigned char 
 Return value:  Size  Location     Type
                  1    wreg      void 
 Registers used:
		wreg, fsr0l, fsr0h, status,2, status,0, pclath, cstack
 Tracked objects:
		On entry : 
		On exit  : 
		Unchanged: 
 Data sizes:     COMMON   BANK0   BANK1
      Params:         0       0       0
      Locals:         7       0       0
      Temps:          0       0       0
      Totals:         7       0       0
Total ram usage:        7 bytes
 Hardware stack levels used:    1
 Hardware stack levels required when called:    1
 This function calls:
		___awmod
 This function is called by:
		_effects_update
 This function uses a non-reentrant model


 *************** function _expand_update *****************
 Defined at:
		line 241 in file "H:\8bit-RGB\effects.c"
 Parameters:    Size  Location     Type
		None
 Auto vars:     Size  Location     Type
  i               1   13[COMMON] unsigned char 
  right           1   12[COMMON] unsigned char 
  left            1   11[COMMON] unsigned char 
  right           1   10[COMMON] unsigned char 
  left            1    9[COMMON] unsigned char 
 Return value:  Size  Location     Type
                  1    wreg      void 
 Registers used:
		wreg, fsr0l, fsr0h, status,2, status,0, pclath, cstack
 Tracked objects:
		On entry : 
		On exit  : 
		Unchanged: 
 Data sizes:     COMMON   BANK0   BANK1
      Params:         0       0       0
      Locals:         5       0       0
      Temps:          0       0       0
      Totals:         5       0       0
Total ram usage:        5 bytes
 Hardware stack levels used:    1
 Hardware stack levels required when called:    2
 This function calls:
		___awmod
		_random_value
 This function is called by:
		_effects_update
 This function uses a non-reentrant model


 *************** function _chase_update *****************
 Defined at:
		line 172 in file "H:\8bit-RGB\effects.c"
 Parameters:    Size  Location     Type
		None
 Auto vars:     Size  Location     Type
  pos             1   10[COMMON] unsigned char 
  i               1   11[COMMON] unsigned char 
  i               1   12[COMMON] unsigned char 
  b               1    9[COMMON] unsigned char 
  g               1    8[COMMON] unsigned char 
  r               1    7[COMMON] unsigned char 
  old_pos         1    6[COMMON] unsigned char 
 Return value:  Size  Location     Type
                  1    wreg      void 
 Registers used:
		wreg, fsr0l, fsr0h, status,2, status,0, pclath, cstack
 Tracked objects:
		On entry : 
		On exit  : 
		Unchanged: 
 Data sizes:     COMMON   BANK0   BANK1
      Params:         0       0       0
      Locals:         7       0       0
      Temps:          0       0       0
      Totals:         7       0       0
Total ram usage:        7 bytes
 Hardware stack levels used:    1
 Hardware stack levels required when called:    1
 This function calls:
		___awmod
 This function is called by:
		_effects_update
 This function uses a non-reentrant model


 *************** function _breath_update *****************
 Defined at:
		line 23 in file "H:\8bit-RGB\effects.c"
 Parameters:    Size  Location     Type
		None
 Auto vars:     Size  Location     Type
  i               1   11[COMMON] unsigned char 
  new_val         1   10[COMMON] unsigned char 
  old_val         1    9[COMMON] unsigned char 
  b               1    8[COMMON] unsigned char 
  g               1    7[COMMON] unsigned char 
  r               1    6[COMMON] unsigned char 
 Return value:  Size  Location     Type
                  1    wreg      void 
 Registers used:
		wreg, fsr0l, fsr0h, status,2, status,0, pclath, cstack
 Tracked objects:
		On entry : 
		On exit  : 
		Unchanged: 
 Data sizes:     COMMON   BANK0   BANK1
      Params:         0       0       0
      Locals:         6       0       0
      Temps:          0       0       0
      Totals:         6       0       0
Total ram usage:        6 bytes
 Hardware stack levels used:    1
 Hardware stack levels required when called:    1
 This function calls:
		___awmod
		___bmul
 This function is called by:
		_effects_update
 This function uses a non-reentrant model


 *************** function _twinkle_update *****************
 Defined at:
		line 110 in file "H:\8bit-RGB\effects.c"
 Parameters:    Size  Location     Type
		None
 Auto vars:     Size  Location     Type
  brightness      1    3[BANK0 ] unsigned char 
  color           1    2[BANK0 ] unsigned char 
  i               1    5[BANK0 ] unsigned char 
  i               1    4[BANK0 ] unsigned char 
 Return value:  Size  Location     Type
                  1    wreg      void 
 Registers used:
		wreg, fsr0l, fsr0h, status,2, status,0, pclath, cstack
 Tracked objects:
		On entry : 
		On exit  : 
		Unchanged: 
 Data sizes:     COMMON   BANK0   BANK1
      Params:         0       0       0
      Locals:         0       4       0
      Temps:          0       2       0
      Totals:         0       6       0
Total ram usage:        6 bytes
 Hardware stack levels used:    1
 Hardware stack levels required when called:    1
 This function calls:
		___awdiv
		___awmod
		___bmul
		___wmul
 This function is called by:
		_effects_update
 This function uses a non-reentrant model


 *************** function ___awdiv *****************
 Defined at:
		line 6 in file "F:\Program Files\SCMCU_IDE_V2.00.16\data\sources\common\awdiv.c"
 Parameters:    Size  Location     Type
  divisor         2    6[COMMON] int 
  dividend        2    8[COMMON] int 
 Auto vars:     Size  Location     Type
  quotient        2   12[COMMON] int 
  sign            1   11[COMMON] unsigned char 
  counter         1   10[COMMON] unsigned char 
 Return value:  Size  Location     Type
                  2    6[COMMON] int 
 Registers used:
		wreg, status,2, status,0
 Tracked objects:
		On entry : 
		On exit  : 
		Unchanged: 
 Data sizes:     COMMON   BANK0   BANK1
      Params:         4       0       0
      Locals:         4       0       0
      Temps:          0       0       0
      Totals:         8       0       0
Total ram usage:        8 bytes
 Hardware stack levels used:    1
 This function calls:
		Nothing
 This function is called by:
		_twinkle_update
 This function uses a non-reentrant model


 *************** function _random_value *****************
 Defined at:
		line 221 in file "H:\8bit-RGB\effects.c"
 Parameters:    Size  Location     Type
  seed            1    wreg     unsigned char 
 Auto vars:     Size  Location     Type
  seed            1    8[COMMON] unsigned char 
 Return value:  Size  Location     Type
                  1    wreg      unsigned char 
 Registers used:
		wreg, status,2, status,0, pclath, cstack
 Tracked objects:
		On entry : 
		On exit  : 
		Unchanged: 
 Data sizes:     COMMON   BANK0   BANK1
      Params:         0       0       0
      Locals:         1       0       0
      Temps:          2       0       0
      Totals:         3       0       0
Total ram usage:        3 bytes
 Hardware stack levels used:    1
 Hardware stack levels required when called:    1
 This function calls:
		___wmul
 This function is called by:
		_expand_update
 This function uses a non-reentrant model


 *************** function ___awmod *****************
 Defined at:
		line 6 in file "F:\Program Files\SCMCU_IDE_V2.00.16\data\sources\common\awmod.c"
 Parameters:    Size  Location     Type
  divisor         2    0[COMMON] int 
  dividend        2    2[COMMON] int 
 Auto vars:     Size  Location     Type
  sign            1    5[COMMON] unsigned char 
  counter         1    4[COMMON] unsigned char 
 Return value:  Size  Location     Type
                  2    0[COMMON] int 
 Registers used:
		wreg, status,2, status,0
 Tracked objects:
		On entry : 
		On exit  : 
		Unchanged: 
 Data sizes:     COMMON   BANK0   BANK1
      Params:         4       0       0
      Locals:         2       0       0
      Temps:          0       0       0
      Totals:         6       0       0
Total ram usage:        6 bytes
 Hardware stack levels used:    1
 This function calls:
		Nothing
 This function is called by:
		_breath_update
		_twinkle_update
		_chase_update
		_expand_update
		_marquee_update
		_ws2812_update_RGB
		_key_scan
 This function uses a non-reentrant model


 *************** function _effect_init *****************
 Defined at:
		line 464 in file "H:\8bit-RGB\effects.c"
 Parameters:    Size  Location     Type
		None
 Auto vars:     Size  Location     Type
		None
 Return value:  Size  Location     Type
                  1    wreg      void 
 Registers used:
		wreg, fsr0l, fsr0h, status,2, status,0, pclath, cstack
 Tracked objects:
		On entry : 
		On exit  : 
		Unchanged: 
 Data sizes:     COMMON   BANK0   BANK1
      Params:         0       0       0
      Locals:         0       0       0
      Temps:          0       0       0
      Totals:         0       0       0
Total ram usage:        0 bytes
 Hardware stack levels used:    1
 Hardware stack levels required when called:    2
 This function calls:
		_breath_init
		_chase_init
		_expand_init
		_marquee_init
		_police_init
		_stack_init
		_twinkle_init
 This function is called by:
		_main
 This function uses a non-reentrant model


 *************** function _police_init *****************
 Defined at:
		line 422 in file "H:\8bit-RGB\effects.c"
 Parameters:    Size  Location     Type
		None
 Auto vars:     Size  Location     Type
  i               1    0[COMMON] unsigned char 
 Return value:  Size  Location     Type
                  1    wreg      void 
 Registers used:
		wreg, fsr0l, fsr0h, status,2, status,0
 Tracked objects:
		On entry : 
		On exit  : 
		Unchanged: 
 Data sizes:     COMMON   BANK0   BANK1
      Params:         0       0       0
      Locals:         1       0       0
      Temps:          0       0       0
      Totals:         1       0       0
Total ram usage:        1 bytes
 Hardware stack levels used:    1
 This function calls:
		Nothing
 This function is called by:
		_effect_execute
		_effect_init
 This function uses a non-reentrant model


 *************** function _stack_init *****************
 Defined at:
		line 359 in file "H:\8bit-RGB\effects.c"
 Parameters:    Size  Location     Type
		None
 Auto vars:     Size  Location     Type
  i               1    0[COMMON] unsigned char 
 Return value:  Size  Location     Type
                  1    wreg      void 
 Registers used:
		wreg, fsr0l, fsr0h, status,2, status,0
 Tracked objects:
		On entry : 
		On exit  : 
		Unchanged: 
 Data sizes:     COMMON   BANK0   BANK1
      Params:         0       0       0
      Locals:         1       0       0
      Temps:          0       0       0
      Totals:         1       0       0
Total ram usage:        1 bytes
 Hardware stack levels used:    1
 This function calls:
		Nothing
 This function is called by:
		_stack_update
		_effect_execute
		_effect_init
 This function uses a non-reentrant model


 *************** function _marquee_init *****************
 Defined at:
		line 293 in file "H:\8bit-RGB\effects.c"
 Parameters:    Size  Location     Type
		None
 Auto vars:     Size  Location     Type
  i               1    1[COMMON] unsigned char 
  i               1    0[COMMON] unsigned char 
 Return value:  Size  Location     Type
                  1    wreg      void 
 Registers used:
		wreg, fsr0l, fsr0h, status,2, status,0
 Tracked objects:
		On entry : 
		On exit  : 
		Unchanged: 
 Data sizes:     COMMON   BANK0   BANK1
      Params:         0       0       0
      Locals:         2       0       0
      Temps:          0       0       0
      Totals:         2       0       0
Total ram usage:        2 bytes
 Hardware stack levels used:    1
 This function calls:
		Nothing
 This function is called by:
		_effect_execute
		_effect_init
 This function uses a non-reentrant model


 *************** function _expand_init *****************
 Defined at:
		line 227 in file "H:\8bit-RGB\effects.c"
 Parameters:    Size  Location     Type
		None
 Auto vars:     Size  Location     Type
  i               1    0[COMMON] unsigned char 
 Return value:  Size  Location     Type
                  1    wreg      void 
 Registers used:
		wreg, fsr0l, fsr0h, status,2, status,0
 Tracked objects:
		On entry : 
		On exit  : 
		Unchanged: 
 Data sizes:     COMMON   BANK0   BANK1
      Params:         0       0       0
      Locals:         1       0       0
      Temps:          0       0       0
      Totals:         1       0       0
Total ram usage:        1 bytes
 Hardware stack levels used:    1
 This function calls:
		Nothing
 This function is called by:
		_effect_execute
		_effect_init
 This function uses a non-reentrant model


 *************** function _chase_init *****************
 Defined at:
		line 161 in file "H:\8bit-RGB\effects.c"
 Parameters:    Size  Location     Type
		None
 Auto vars:     Size  Location     Type
  i               1    0[COMMON] unsigned char 
 Return value:  Size  Location     Type
                  1    wreg      void 
 Registers used:
		wreg, fsr0l, fsr0h, status,2, status,0
 Tracked objects:
		On entry : 
		On exit  : 
		Unchanged: 
 Data sizes:     COMMON   BANK0   BANK1
      Params:         0       0       0
      Locals:         1       0       0
      Temps:          0       0       0
      Totals:         1       0       0
Total ram usage:        1 bytes
 Hardware stack levels used:    1
 This function calls:
		Nothing
 This function is called by:
		_effect_execute
		_effect_init
 This function uses a non-reentrant model


 *************** function _breath_init *****************
 Defined at:
		line 16 in file "H:\8bit-RGB\effects.c"
 Parameters:    Size  Location     Type
		None
 Auto vars:     Size  Location     Type
		None
 Return value:  Size  Location     Type
                  1    wreg      void 
 Registers used:
		wreg, status,2
 Tracked objects:
		On entry : 
		On exit  : 
		Unchanged: 
 Data sizes:     COMMON   BANK0   BANK1
      Params:         0       0       0
      Locals:         0       0       0
      Temps:          0       0       0
      Totals:         0       0       0
Total ram usage:        0 bytes
 Hardware stack levels used:    1
 This function calls:
		Nothing
 This function is called by:
		_effect_execute
		_effect_init
 This function uses a non-reentrant model


 *************** function _twinkle_init *****************
 Defined at:
		line 94 in file "H:\8bit-RGB\effects.c"
 Parameters:    Size  Location     Type
		None
 Auto vars:     Size  Location     Type
  i               1   12[COMMON] unsigned char 
  i               1   11[COMMON] unsigned char 
 Return value:  Size  Location     Type
                  1    wreg      void 
 Registers used:
		wreg, fsr0l, fsr0h, status,2, status,0, pclath, cstack
 Tracked objects:
		On entry : 
		On exit  : 
		Unchanged: 
 Data sizes:     COMMON   BANK0   BANK1
      Params:         0       0       0
      Locals:         2       0       0
      Temps:          0       0       0
      Totals:         2       0       0
Total ram usage:        2 bytes
 Hardware stack levels used:    1
 Hardware stack levels required when called:    1
 This function calls:
		___bmul
		___lwmod
		___wmul
 This function is called by:
		_effect_execute
		_effect_init
 This function uses a non-reentrant model


 *************** function ___wmul *****************
 Defined at:
		line 15 in file "F:\Program Files\SCMCU_IDE_V2.00.16\data\sources\common\Umul16.c"
 Parameters:    Size  Location     Type
  multiplier      2    0[COMMON] unsigned int 
  multiplicand    2    2[COMMON] unsigned int 
 Auto vars:     Size  Location     Type
  product         2    4[COMMON] unsigned int 
 Return value:  Size  Location     Type
                  2    0[COMMON] unsigned int 
 Registers used:
		wreg, status,2, status,0
 Tracked objects:
		On entry : 
		On exit  : 
		Unchanged: 
 Data sizes:     COMMON   BANK0   BANK1
      Params:         4       0       0
      Locals:         2       0       0
      Temps:          0       0       0
      Totals:         6       0       0
Total ram usage:        6 bytes
 Hardware stack levels used:    1
 This function calls:
		Nothing
 This function is called by:
		_twinkle_init
		_twinkle_update
		_random_value
 This function uses a non-reentrant model


 *************** function ___lwmod *****************
 Defined at:
		line 6 in file "F:\Program Files\SCMCU_IDE_V2.00.16\data\sources\common\lwmod.c"
 Parameters:    Size  Location     Type
  divisor         2    6[COMMON] unsigned int 
  dividend        2    8[COMMON] unsigned int 
 Auto vars:     Size  Location     Type
  counter         1   10[COMMON] unsigned char 
 Return value:  Size  Location     Type
                  2    6[COMMON] unsigned int 
 Registers used:
		wreg, status,2, status,0
 Tracked objects:
		On entry : 
		On exit  : 
		Unchanged: 
 Data sizes:     COMMON   BANK0   BANK1
      Params:         4       0       0
      Locals:         1       0       0
      Temps:          0       0       0
      Totals:         5       0       0
Total ram usage:        5 bytes
 Hardware stack levels used:    1
 This function calls:
		Nothing
 This function is called by:
		_twinkle_init
 This function uses a non-reentrant model


 *************** function ___bmul *****************
 Defined at:
		line 4 in file "F:\Program Files\SCMCU_IDE_V2.00.16\data\sources\common\Umul8.c"
 Parameters:    Size  Location     Type
  multiplier      1    wreg     unsigned char 
  multiplicand    1    0[COMMON] unsigned char 
 Auto vars:     Size  Location     Type
  multiplier      1    2[COMMON] unsigned char 
  product         1    1[COMMON] unsigned char 
 Return value:  Size  Location     Type
                  1    wreg      unsigned char 
 Registers used:
		wreg, status,2, status,0
 Tracked objects:
		On entry : 
		On exit  : 
		Unchanged: 
 Data sizes:     COMMON   BANK0   BANK1
      Params:         1       0       0
      Locals:         2       0       0
      Temps:          0       0       0
      Totals:         3       0       0
Total ram usage:        3 bytes
 Hardware stack levels used:    1
 This function calls:
		Nothing
 This function is called by:
		_breath_update
		_twinkle_init
		_twinkle_update
 This function uses a non-reentrant model



MODULE INFORMATION

Module		Function		Class		Link	Load	Size
F:\Program Files\SCMCU_IDE_V2.00.16\data\sources\common\lwmod.c
		___lwmod       		CODE           	01C6	0000	37

F:\Program Files\SCMCU_IDE_V2.00.16\data\sources\common\lwmod.c estimated size: 37

F:\Program Files\SCMCU_IDE_V2.00.16\data\sources\common\awmod.c
		___awmod       		CODE           	028D	0000	62

F:\Program Files\SCMCU_IDE_V2.00.16\data\sources\common\awmod.c estimated size: 62

H:\8bit-RGB\effects.c
		_chase_update  		CODE           	0528	0000	122
		_stack_update  		CODE           	03C5	0000	92
		_twinkle_update		CODE           	0714	0000	176
		_marquee_init  		CODE           	01EA	0000	53
		_breath_init   		CODE           	008C	0000	8
		_breath_update 		CODE           	04A0	0000	132
		_police_init   		CODE           	0129	0000	29
		_marquee_update		CODE           	0427	0000	122
		_police_update 		CODE           	021E	0000	53
		_expand_init   		CODE           	01A3	0000	36
		_expand_update 		CODE           	064F	0000	173
		_random_value  		CODE           	0145	0000	30
		_chase_init    		CODE           	010D	0000	29
		_effect_init   		CODE           	00B5	0000	12
		_effects_update		CODE           	00C0	0000	12
		_stack_init    		CODE           	0162	0000	32
		_twinkle_init  		CODE           	0368	0000	78
		_effect_execute		CODE           	00A2	0000	10

H:\8bit-RGB\effects.c estimated size: 1199

H:\8bit-RGB\main.c
		_ws2812_send_color		CODE           	0086	0000	7
		_main          		CODE           	0181	0000	35
		_key_scan      		CODE           	030F	0000	90
		_ws2812_update_RGB		CODE           	0252	0000	50
		_system_clock_init		CODE           	00AB	0000	11
		_delay_ms      		CODE           	00F2	0000	28
		_ws2812_reset  		CODE           	0081	0000	6
		_ws2812_send_byte		CODE           	05B3	0000	157
		_ws2812_gpio_init		CODE           	0093	0000	8

H:\8bit-RGB\main.c estimated size: 392

F:\Program Files\SCMCU_IDE_V2.00.16\data\sources\common\awdiv.c
		___awdiv       		CODE           	02CA	0000	70

F:\Program Files\SCMCU_IDE_V2.00.16\data\sources\common\awdiv.c estimated size: 70

F:\Program Files\SCMCU_IDE_V2.00.16\data\sources\common\Umul8.c
		___bmul        		CODE           	00CB	0000	15

F:\Program Files\SCMCU_IDE_V2.00.16\data\sources\common\Umul8.c estimated size: 15

shared
		PL12           		CODE           	0283	0000	11
		PL8            		CODE           	07D2	0000	7
		PL22           		CODE           	03BE	0000	8
		PL32           		CODE           	07DE	0000	6
		PL14           		CODE           	05A1	0000	10
		PL24           		CODE           	070D	0000	8
		__stringtab    		STRING         	0015	0000	7
		PL16           		CODE           	03B5	0000	10
		PL26           		CODE           	0420	0000	8
		PL18           		CODE           	05AA	0000	10
		PL28           		CODE           	07D8	0000	7
		_effects       		STRING         	001B	0000	15
		__initialization		CODE           	07E3	0000	28
		__fptable      		ENTRY          	0001	0000	21
		PL2            		CODE           	06FB	0000	8
		PL10           		CODE           	0702	0000	6
		PL4            		CODE           	07C3	0000	10
		PL20           		CODE           	0707	0000	7
		PL30           		CODE           	0523	0000	6
		PL6            		CODE           	07CC	0000	7

shared estimated size: 200

F:\Program Files\SCMCU_IDE_V2.00.16\data\sources\common\Umul16.c
		___wmul        		CODE           	00D9	0000	26

F:\Program Files\SCMCU_IDE_V2.00.16\data\sources\common\Umul16.c estimated size: 26

